     1                                  bits 32 
     2                                  global start
     3                                  extern exit 
     4                                  import exit msvcrt.dll
     5                                  segment data use32 class = data
     6 00000000 A6C3                    a dw 1100001110100110b
     7 00000002 0BF8                    b dw 1111100000001011b
     8 00000004 <res 00000002>          c resw 1
     9                                  segment code use32 class = code
    10                                  start:
    11 00000000 66B80000                mov ax,0
    12                                  
    13                                  ;izolam bitii 10-12 a lui b 
    14                                  
    15 00000004 668B1D[02000000]        mov bx, [b]
    16                                  
    17                                  ;definim masca
    18 0000000B 6681E3001C              and bx, 0001110000000000b ;bx=0001100000000000b=1800h(binar si hexa)
    19                                  
    20 00000010 66C1EB0A                shr bx, 10
    21 00000014 6609D8                  or ax, bx ;ax = 0000000000000110b = 0006h
    22                                  
    23 00000017 6683C878                or ax, 0000000001111000b ; ax = 0000000001111110b = 007Eh
    24                                  
    25                                  ;
    26                                  
    27 0000001B 66BB1E00                mov bx, 0000000000011110b
    28 0000001F 668B15[00000000]        mov dx, [a]
    29 00000026 6621DA                  and dx, bx
    30 00000029 66C1E206                shl dx, 6
    31 0000002D 6609D0                  or ax, dx ;ax=rezultat partial
    32                                  
    33                                  ;bitii 11-12 a lui C au valoarea 0
    34                                  
    35 00000030 6625FFE7                and ax, 1110011111111111b
    36                                  
    37                                  ;bitii 13-15 a lui C coincid cu inversul bitilor 9-11 a lui B
    38                                  
    39 00000034 668B15[02000000]        mov dx, [b]
    40 0000003B 66F7D2                  not dx ;s-au inversat bitii lui b 
    41 0000003E 6681E2000E              and dx, 0000111000000000b
    42 00000043 66C1E204                shl dx, 4
    43 00000047 6609D0                  or ax, dx
    44                                  
    45 0000004A 66A3[04000000]          mov [c], ax
    46                                  
    47 00000050 6A00                    push dword 0
    48 00000052 FF15[00000000]          call [exit]
    49                                  
    50                                  
